Fetching 4 files:   0%|          | 0/4 [00:00<?, ?it/s]Fetching 4 files: 100%|██████████| 4/4 [00:00<00:00, 2331.14it/s]
=== fixed_n5 (5 демо: 399 405 410 421 437) ===
  шагов: 1500 (по 300 на демо)
  обучение exit=0
  оценка exit=0 | success 40.0%  -> runs/results.jsonl
Fetching 4 files:   0%|          | 0/4 [00:00<?, ?it/s]Fetching 4 files: 100%|██████████| 4/4 [00:00<00:00, 2262.60it/s]
=== fixed_n10 (10 демо: 399 405 410 421 437 443 463 469 473 490) ===
  шагов: 3000 (по 300 на демо)
  обучение exit=0
  оценка exit=0 | success 60.0%  -> runs/results.jsonl
Fetching 4 files:   0%|          | 0/4 [00:00<?, ?it/s]Fetching 4 files: 100%|██████████| 4/4 [00:00<00:00, 2499.96it/s]
=== fixed_n25 (25 демо: 399 405 410 421 437 443 463 469 473 490 496 497 516 519 525 541 547 552 561 566 577 585 599 611 631) ===
  шагов: 7500 (по 300 на демо)
  обучение exit=0
  оценка exit=0 | success 70.0%  -> runs/results.jsonl

=== кривая ===
 demos         zeroshot_base         trick_default        trick_unfrozen            trick_lora               default                 fixed
     0         0.000 ±0.000 (1)                     —                     —                     —                     —                     —
     5                     —         0.400 ±0.000 (1)         0.450 ±0.000 (1)         0.000 ±0.000 (1)                     —         0.400 ±0.000 (1)
    10                     —                     —                     —                     —         0.300 ±0.000 (1)         0.600 ±0.000 (1)
    25                     —                     —                     —                     —         0.150 ±0.000 (1)         0.700 ±0.000 (1)
