Running rollout with at most 300 steps:  95%|█████████▍| 284/300 [00:17<00:00, 22.00it/s, running_success_rate=0.0%][A
Running rollout with at most 300 steps:  95%|█████████▍| 284/300 [00:17<00:00, 22.00it/s, running_success_rate=0.0%][A
Running rollout with at most 300 steps:  95%|█████████▌| 285/300 [00:17<00:00, 22.00it/s, running_success_rate=0.0%][A
Running rollout with at most 300 steps:  95%|█████████▌| 286/300 [00:17<00:00, 22.00it/s, running_success_rate=0.0%][A
Running rollout with at most 300 steps:  96%|█████████▌| 287/300 [00:17<00:00, 22.17it/s, running_success_rate=0.0%][A
Running rollout with at most 300 steps:  96%|█████████▌| 287/300 [00:17<00:00, 22.17it/s, running_success_rate=0.0%][A
Running rollout with at most 300 steps:  96%|█████████▌| 288/300 [00:17<00:00, 22.17it/s, running_success_rate=0.0%][A
Running rollout with at most 300 steps:  96%|█████████▋| 289/300 [00:17<00:00, 22.17it/s, running_success_rate=0.0%][A
Running rollout with at most 300 steps:  97%|█████████▋| 290/300 [00:17<00:00, 22.61it/s, running_success_rate=0.0%][A
Running rollout with at most 300 steps:  97%|█████████▋| 290/300 [00:17<00:00, 22.61it/s, running_success_rate=0.0%][A
Running rollout with at most 300 steps:  97%|█████████▋| 291/300 [00:17<00:00, 22.61it/s, running_success_rate=0.0%][A
Running rollout with at most 300 steps:  97%|█████████▋| 292/300 [00:17<00:00, 22.61it/s, running_success_rate=0.0%][A
Running rollout with at most 300 steps:  98%|█████████▊| 293/300 [00:17<00:00, 22.95it/s, running_success_rate=0.0%][A
Running rollout with at most 300 steps:  98%|█████████▊| 293/300 [00:17<00:00, 22.95it/s, running_success_rate=0.0%][A
Running rollout with at most 300 steps:  98%|█████████▊| 294/300 [00:17<00:00, 22.95it/s, running_success_rate=0.0%][A
Running rollout with at most 300 steps:  98%|█████████▊| 295/300 [00:17<00:00, 22.95it/s, running_success_rate=0.0%][A
Running rollout with at most 300 steps:  99%|█████████▊| 296/300 [00:17<00:00, 22.94it/s, running_success_rate=0.0%][A
Running rollout with at most 300 steps:  99%|█████████▊| 296/300 [00:17<00:00, 22.94it/s, running_success_rate=0.0%][A
Running rollout with at most 300 steps:  99%|█████████▉| 297/300 [00:17<00:00, 22.94it/s, running_success_rate=0.0%][A
Running rollout with at most 300 steps:  99%|█████████▉| 298/300 [00:17<00:00, 22.94it/s, running_success_rate=0.0%][A
Running rollout with at most 300 steps: 100%|█████████▉| 299/300 [00:17<00:00, 23.82it/s, running_success_rate=0.0%][A
Running rollout with at most 300 steps: 100%|█████████▉| 299/300 [00:17<00:00, 23.82it/s, running_success_rate=0.0%][A
Stepping through eval batches:  95%|█████████▌| 19/20 [05:48<00:18, 18.24s/it, running_success_rate=20.0%]
Stepping through eval batches: 100%|██████████| 20/20 [05:48<00:00, 18.40s/it, running_success_rate=20.0%]
Stepping through eval batches: 100%|██████████| 20/20 [05:48<00:00, 17.45s/it, running_success_rate=20.0%]
