objc[30676]: Class AVFFrameReceiver is implemented in both /Users/vladislavkalinichenko/VSCodeProjects/T-Lab Contests/world-action-reward-models/.venv/lib/python3.12/site-packages/cv2/.dylibs/libavdevice.61.3.100.dylib (0x14a43c3a8) and /Users/vladislavkalinichenko/VSCodeProjects/T-Lab Contests/world-action-reward-models/.venv/lib/python3.12/site-packages/av/.dylibs/libavdevice.61.3.100.dylib (0x15fd483a8). This may cause spurious casting failures and mysterious crashes. One of the duplicates must be removed or renamed.
objc[30676]: Class AVFAudioReceiver is implemented in both /Users/vladislavkalinichenko/VSCodeProjects/T-Lab Contests/world-action-reward-models/.venv/lib/python3.12/site-packages/cv2/.dylibs/libavdevice.61.3.100.dylib (0x14a43c3f8) and /Users/vladislavkalinichenko/VSCodeProjects/T-Lab Contests/world-action-reward-models/.venv/lib/python3.12/site-packages/av/.dylibs/libavdevice.61.3.100.dylib (0x15fd483f8). This may cause spurious casting failures and mysterious crashes. One of the duplicates must be removed or renamed.
WARNING:lerobot.configs.policies:Device 'cuda' is not available. Switching to 'mps'.
objc[30676]: Class AVFFrameReceiver is implemented in both /Users/vladislavkalinichenko/VSCodeProjects/T-Lab Contests/world-action-reward-models/.venv/lib/python3.12/site-packages/cv2/.dylibs/libavdevice.61.3.100.dylib (0x14a43c3a8) and /opt/homebrew/Cellar/ffmpeg/8.0_1/lib/libavdevice.62.1.100.dylib (0x17d480328). This may cause spurious casting failures and mysterious crashes. One of the duplicates must be removed or renamed.
objc[30676]: Class AVFAudioReceiver is implemented in both /Users/vladislavkalinichenko/VSCodeProjects/T-Lab Contests/world-action-reward-models/.venv/lib/python3.12/site-packages/cv2/.dylibs/libavdevice.61.3.100.dylib (0x14a43c3f8) and /opt/homebrew/Cellar/ffmpeg/8.0_1/lib/libavdevice.62.1.100.dylib (0x17d480378). This may cause spurious casting failures and mysterious crashes. One of the duplicates must be removed or renamed.
INFO 2026-08-22 01:46:29 ot_train.py:421 {'accelerator': {'activation_checkpointing': {'mode': <ActivationCheckpointingMode.NONE: 'none'>},
                 'compile': {'backend': 'inductor',
                             'enabled': False,
                             'mode': None,
                             'regional': True},
                 'ddp': {'find_unused_parameters': True,
                         'gradient_as_bucket_view': False,
                         'static_graph': False},
                 'fsdp': {'cpu_offload': False,
                          'ignored_modules': None,
                          'min_num_params': None,
                          'reshard_after_forward': True,
                          'wrap_modules': None},
                 'gradient_accumulation': {'steps': 1},
                 'mixed_precision': 'no'},
 'batch_size': 1,
 'checkpoint_format': <CheckpointFormat.SAFETENSORS: 'safetensors'>,
 'checkpoint_path': None,
 'cudnn_deterministic': False,
 'dataloader_multiprocessing_context': 'spawn',
 'dataset': {'depth_output_unit': 'mm',
             'episodes': [0],
             'eval_split': 0.0,
             'exclude_episodes': None,
             'image_transforms': {'enable': False,
                                  'max_num_transforms': 3,
                                  'random_order': False,
                                  'tfs': {'affine': {'kwargs': {'degrees': [-5.0,
                                                                            5.0],
                                                                'translate': [0.05,
                                                                              0.05]},
                                                     'type': 'RandomAffine',
                                                     'weight': 1.0},
                                          'brightness': {'kwargs': {'brightness': [0.8,
                                                                                   1.2]},
                                                         'type': 'ColorJitter',
                                                         'weight': 1.0},
                                          'contrast': {'kwargs': {'contrast': [0.8,
                                                                               1.2]},
                                                       'type': 'ColorJitter',
                                                       'weight': 1.0},
                                          'hue': {'kwargs': {'hue': [-0.05,
                                                                     0.05]},
                                                  'type': 'ColorJitter',
                                                  'weight': 1.0},
                                          'saturation': {'kwargs': {'saturation': [0.5,
                                                                                   1.5]},
                                                         'type': 'ColorJitter',
                                                         'weight': 1.0},
                                          'sharpness': {'kwargs': {'sharpness': [0.5,
                                                                                 1.5]},
                                                        'type': 'SharpnessJitter',
                                                        'weight': 1.0}}},
             'repo_id': 'local/official_libero_90_v3',
             'repo_type': 'dataset',
             'return_uint8': False,
             'revision': 'local',
             'root': '/private/tmp/official_libero_90_v3_test',
             'streaming': False,
             'use_imagenet_stats': True,
             'video_backend': 'torchcodec'},
 'ema': {'decay': None,
         'enable': False,
         'inv_gamma': 1.0,
         'max_decay': 0.9999,
         'min_decay': 0.0,
         'power': 0.75,
         'update_after_step': 0,
         'use_for_eval': True},
 'env': None,
 'env_eval_freq': 0,
 'eval': {'batch_size': 7,
          'n_episodes': 50,
          'recording': False,
          'recording_private': False,
          'recording_repo_id': None,
          'use_async_envs': True},
 'eval_steps': 0,
 'job': {'detach': False,
         'image': 'huggingface/lerobot-gpu:latest',
         'tags': [],
         'target': None,
         'timeout': '2d'},
 'job_name': 'latent_boundary_smoke',
 'log_freq': 1,
 'max_eval_samples': 0,
 'num_workers': 0,
 'optimizer': {'betas': [0.9, 0.95],
               'eps': 1e-08,
               'grad_clip_norm': 10.0,
               'lr': 0.0001,
               'type': 'adamw',
               'weight_decay': 1e-10},
 'output_dir': 'outputs/latent_boundary_smoke',
 'parallelism': {'cfg_parallel': 1,
                 'context_parallel': {'ring_degree': 1, 'ulysses_degree': 1},
                 'dp_replicate': 1,
                 'dp_shard': 1},
 'peft': None,
 'persistent_workers': False,
 'policy': {'adapt_to_pi_aloha': False,
            'add_image_special_tokens': False,
            'attention_mode': 'cross_attn',
            'camera_count': 2,
            'chunk_size': 50,
            'compile_mode': 'max-autotune',
            'compile_model': False,
            'device': 'mps',
            'empty_cameras': 0,
            'expert_width_multiplier': 0.75,
            'freeze_vision_encoder': True,
            'input_features': {'observation.images.camera1': {'shape': [3,
                                                                        256,
                                                                        256],
                                                              'type': <FeatureType.VISUAL: 'VISUAL'>},
                               'observation.images.camera2': {'shape': [3,
                                                                        256,
                                                                        256],
                                                              'type': <FeatureType.VISUAL: 'VISUAL'>},
                               'observation.images.camera3': {'shape': [3,
                                                                        256,
                                                                        256],
                                                              'type': <FeatureType.VISUAL: 'VISUAL'>},
                               'observation.state': {'shape': [6],
                                                     'type': <FeatureType.STATE: 'STATE'>}},
            'license': None,
            'load_vlm_weights': True,
            'max_action_dim': 32,
            'max_period': 4.0,
            'max_state_dim': 32,
            'min_period': 0.004,
            'n_action_steps': 50,
            'n_obs_steps': 1,
            'normalization_mapping': {'ACTION': <NormalizationMode.MEAN_STD: 'MEAN_STD'>,
                                      'STATE': <NormalizationMode.MEAN_STD: 'MEAN_STD'>,
                                      'VISUAL': <NormalizationMode.IDENTITY: 'IDENTITY'>},
            'num_expert_layers': 0,
            'num_steps': 10,
            'num_vlm_layers': 16,
            'optimizer_betas': [0.9, 0.95],
            'optimizer_eps': 1e-08,
            'optimizer_grad_clip_norm': 10.0,
            'optimizer_lr': 0.0001,
            'optimizer_weight_decay': 1e-10,
            'output_features': {'action': {'shape': [6],
                                           'type': <FeatureType.ACTION: 'ACTION'>}},
            'pad_language_to': 'max_length',
            'phase': 'transition',
            'prefix_length': 0,
            'pretrained_path': 'lerobot/smolvla_base',
            'pretrained_revision': 'c83c3163b8ca9b7e67c509fffd9121e66cb96205',
            'private': None,
            'push_to_hub': False,
            'repo_id': None,
            'resize_imgs_with_padding': [512, 512],
            'rtc_config': None,
            'scheduler_decay_lr': 2.5e-06,
            'scheduler_decay_steps': 30000,
            'scheduler_warmup_steps': 1000,
            'self_attn_every_n_layers': 2,
            'tags': None,
            'tokenizer_max_length': 48,
            'train_expert_only': True,
            'train_state_proj': True,
            'type': 'latent_smolvla',
            'use_amp': False,
            'use_cache': True,
            'use_delta_joint_actions_aloha': False,
            'use_peft': False,
            'vision_encode_batch_size': 16,
            'vlm_model_name': 'HuggingFaceTB/SmolVLM2-500M-Video-Instruct'},
 'prefetch_factor': 2,
 'rename_map': {'observation.images.image': 'observation.images.camera1',
                'observation.images.image2': 'observation.images.camera2'},
 'resume': False,
 'reward_model': None,
 'sample_weighting': None,
 'save_checkpoint': True,
 'save_checkpoint_to_hub': False,
 'save_freq': 0,
 'scheduler': {'decay_lr': 2.5e-06,
               'num_decay_steps': 30000,
               'num_warmup_steps': 1000,
               'peak_lr': 0.0001,
               'type': 'cosine_decay_with_warmup'},
 'seed': 0,
 'steps': 1,
 'tolerance_s': 0.0001,
 'use_policy_training_preset': True,
 'wandb': {'add_tags': True,
           'disable_artifact': True,
           'enable': True,
           'entity': None,
           'mode': None,
           'notes': None,
           'project': 'vla-cost-curve',
           'run_id': None}}
INFO 2026-08-22 01:46:30 ot_train.py:443 Creating dataset
INFO 2026-08-22 01:46:31 ot_train.py:471 Creating policy
`torch_dtype` is deprecated! Use `dtype` instead!
Loading  HuggingFaceTB/SmolVLM2-500M-Video-Instruct weights ...
Loading weights:   0%|          | 0/489 [00:00<?, ?it/s]Loading weights:  94%|█████████▍| 459/489 [00:00<00:00, 4547.51it/s]Loading weights: 100%|██████████| 489/489 [00:00<00:00, 4761.15it/s]
WARNING 2026-08-22 01:46:34 ies/utils.py:96 Missing key(s) when loading model: {'transition_head.predictor.3.bias', 'transition_head.step_embedding', 'transition_head.predictor.3.weight', 'transition_head.predictor.0.bias', 'transition_head.predictor.1.bias', 'transition_head.predictor.0.weight', 'action_decoder.weight', 'action_decoder.bias', 'transition_head.view_embedding', 'transition_head.predictor.1.weight'}
INFO 2026-08-22 01:46:34 ot_train.py:553 Creating optimizer and scheduler
INFO 2026-08-22 01:46:34 hedulers.py:155 Auto-scaling LR scheduler: num_training_steps (1) < num_decay_steps (30000). Scaling warmup: 1000 → 0, decay: 30000 → 1 (scale factor: 0.000)
INFO 2026-08-22 01:46:34 ot_train.py:604 Output dir: outputs/latent_boundary_smoke
INFO 2026-08-22 01:46:34 ot_train.py:611 cfg.steps=1 (1)
INFO 2026-08-22 01:46:34 ot_train.py:612 dataset.num_frames=65 (65)
INFO 2026-08-22 01:46:34 ot_train.py:613 dataset.num_episodes=1
INFO 2026-08-22 01:46:34 ot_train.py:614 Effective batch size: 1 x 1 dp workers x 1 grad accum = 1 (topology: dp_replicate=1, dp_shard=1)
INFO 2026-08-22 01:46:34 ot_train.py:619 num_learnable_params=1896960 (2M)
INFO 2026-08-22 01:46:34 ot_train.py:620 num_total_params=452004608 (452M)
Reducing the number of VLM layers to 16 ...
Training:   0%|          | 0/1 [00:00<?, ?step/s]INFO 2026-08-22 01:46:34 ot_train.py:722 Start offline training on a fixed dataset, with effective batch size: 1
Training: 100%|██████████| 1/1 [00:13<00:00, 13.33s/step]INFO 2026-08-22 01:46:48 ot_train.py:769 step:1 smpl:1 ep:0 epch:0.02 loss:0.767 grdn:0.215 lr:2.5e-06 data_s:0.070 prep_s:0.351 updt_s:12.912 step_s:13.333 smp/s:0 transition_loss:0.767 transition_cosine:0.000 target_delta_norm:19.600 predicted_delta_norm:5.939
INFO 2026-08-22 01:46:48 ot_train.py:811 Checkpoint policy after step 1
INFO 2026-08-22 01:46:49 n/_torch.py:289 Model weights successfully saved to outputs/latent_boundary_smoke/checkpoints/000001/pretrained_model!
Training: 100%|██████████| 1/1 [00:14<00:00, 14.40s/step]
INFO 2026-08-22 01:46:49 ot_train.py:906 End of training
Loading  HuggingFaceTB/SmolVLM2-500M-Video-Instruct weights ...
Loading weights:   0%|          | 0/489 [00:00<?, ?it/s]Loading weights:   0%|          | 1/489 [00:00<02:57,  2.74it/s]Loading weights: 100%|██████████| 489/489 [00:00<00:00, 1146.41it/s]
Reducing the number of VLM layers to 16 ...
Loading weights from local directory
runs/diagnostics/latent_boundary_smoke_transitions.json
